<?xml version="1.0"?>
<link_info>
   <banner>MSP430 Linker PC v4.4.3</banner>
   <copyright>Copyright (c) 2003-2015 Texas Instruments Incorporated</copyright>
   <link_time>0x5665cdfa</link_time>
   <link_errors>0x0</link_errors>
   <output_file>MSP430G2553_MRF89XA_Receiver_Example_Project.out</output_file>
   <entry_point>
      <name>_c_int00_noargs_noexit</name>
      <address>0xd5f4</address>
   </entry_point>
   <input_file_list>
      <input_file id="fl-2">
         <path>.\</path>
         <kind>object</kind>
         <file>main_nwk.obj</file>
         <name>main_nwk.obj</name>
      </input_file>
      <input_file id="fl-3">
         <path>.\NWK\</path>
         <kind>object</kind>
         <file>aes.obj</file>
         <name>aes.obj</name>
      </input_file>
      <input_file id="fl-4">
         <path>.\NWK\</path>
         <kind>object</kind>
         <file>nwk_radio.obj</file>
         <name>nwk_radio.obj</name>
      </input_file>
      <input_file id="fl-5">
         <path>.\NWK\</path>
         <kind>object</kind>
         <file>nwk_security.obj</file>
         <name>nwk_security.obj</name>
      </input_file>
      <input_file id="fl-6">
         <path>.\LNK\</path>
         <kind>object</kind>
         <file>radio.obj</file>
         <name>radio.obj</name>
      </input_file>
      <input_file id="fl-7">
         <path>.\Drivers\</path>
         <kind>object</kind>
         <file>system.obj</file>
         <name>system.obj</name>
      </input_file>
      <input_file id="fl-8">
         <path>.\Drivers\Communication\</path>
         <kind>object</kind>
         <file>spi.obj</file>
         <name>spi.obj</name>
      </input_file>
      <input_file id="fl-9">
         <path>.\Drivers\Communication\</path>
         <kind>object</kind>
         <file>uart.obj</file>
         <name>uart.obj</name>
      </input_file>
      <input_file id="fl-38">
         <path>C:\ti\ccsv6\tools\compiler\ti-cgt-msp430_4.4.3\lib\</path>
         <kind>archive</kind>
         <file>rts430_eabi.lib</file>
         <name>asr16.obj</name>
      </input_file>
      <input_file id="fl-39">
         <path>C:\ti\ccsv6\tools\compiler\ti-cgt-msp430_4.4.3\lib\</path>
         <kind>archive</kind>
         <file>rts430_eabi.lib</file>
         <name>boot.obj</name>
      </input_file>
      <input_file id="fl-3a">
         <path>C:\ti\ccsv6\tools\compiler\ti-cgt-msp430_4.4.3\lib\</path>
         <kind>archive</kind>
         <file>rts430_eabi.lib</file>
         <name>boot_special.obj</name>
      </input_file>
      <input_file id="fl-3b">
         <path>C:\ti\ccsv6\tools\compiler\ti-cgt-msp430_4.4.3\lib\</path>
         <kind>archive</kind>
         <file>rts430_eabi.lib</file>
         <name>copy_decompress_none.obj</name>
      </input_file>
      <input_file id="fl-3c">
         <path>C:\ti\ccsv6\tools\compiler\ti-cgt-msp430_4.4.3\lib\</path>
         <kind>archive</kind>
         <file>rts430_eabi.lib</file>
         <name>copy_decompress_rle.obj</name>
      </input_file>
      <input_file id="fl-3d">
         <path>C:\ti\ccsv6\tools\compiler\ti-cgt-msp430_4.4.3\lib\</path>
         <kind>archive</kind>
         <file>rts430_eabi.lib</file>
         <name>copy_zero_init.obj</name>
      </input_file>
      <input_file id="fl-3e">
         <path>C:\ti\ccsv6\tools\compiler\ti-cgt-msp430_4.4.3\lib\</path>
         <kind>archive</kind>
         <file>rts430_eabi.lib</file>
         <name>epilog.obj</name>
      </input_file>
      <input_file id="fl-3f">
         <path>C:\ti\ccsv6\tools\compiler\ti-cgt-msp430_4.4.3\lib\</path>
         <kind>archive</kind>
         <file>rts430_eabi.lib</file>
         <name>exit.obj</name>
      </input_file>
      <input_file id="fl-40">
         <path>C:\ti\ccsv6\tools\compiler\ti-cgt-msp430_4.4.3\lib\</path>
         <kind>archive</kind>
         <file>rts430_eabi.lib</file>
         <name>int02.obj</name>
      </input_file>
      <input_file id="fl-41">
         <path>C:\ti\ccsv6\tools\compiler\ti-cgt-msp430_4.4.3\lib\</path>
         <kind>archive</kind>
         <file>rts430_eabi.lib</file>
         <name>int05.obj</name>
      </input_file>
      <input_file id="fl-42">
         <path>C:\ti\ccsv6\tools\compiler\ti-cgt-msp430_4.4.3\lib\</path>
         <kind>archive</kind>
         <file>rts430_eabi.lib</file>
         <name>int06.obj</name>
      </input_file>
      <input_file id="fl-43">
         <path>C:\ti\ccsv6\tools\compiler\ti-cgt-msp430_4.4.3\lib\</path>
         <kind>archive</kind>
         <file>rts430_eabi.lib</file>
         <name>int10.obj</name>
      </input_file>
      <input_file id="fl-44">
         <path>C:\ti\ccsv6\tools\compiler\ti-cgt-msp430_4.4.3\lib\</path>
         <kind>archive</kind>
         <file>rts430_eabi.lib</file>
         <name>int11.obj</name>
      </input_file>
      <input_file id="fl-45">
         <path>C:\ti\ccsv6\tools\compiler\ti-cgt-msp430_4.4.3\lib\</path>
         <kind>archive</kind>
         <file>rts430_eabi.lib</file>
         <name>int14.obj</name>
      </input_file>
      <input_file id="fl-46">
         <path>C:\ti\ccsv6\tools\compiler\ti-cgt-msp430_4.4.3\lib\</path>
         <kind>archive</kind>
         <file>rts430_eabi.lib</file>
         <name>isr_trap.obj</name>
      </input_file>
      <input_file id="fl-47">
         <path>C:\ti\ccsv6\tools\compiler\ti-cgt-msp430_4.4.3\lib\</path>
         <kind>archive</kind>
         <file>rts430_eabi.lib</file>
         <name>lsl16.obj</name>
      </input_file>
      <input_file id="fl-48">
         <path>C:\ti\ccsv6\tools\compiler\ti-cgt-msp430_4.4.3\lib\</path>
         <kind>archive</kind>
         <file>rts430_eabi.lib</file>
         <name>memcpy.obj</name>
      </input_file>
      <input_file id="fl-49">
         <path>C:\ti\ccsv6\tools\compiler\ti-cgt-msp430_4.4.3\lib\</path>
         <kind>archive</kind>
         <file>rts430_eabi.lib</file>
         <name>mpu_init.obj</name>
      </input_file>
      <input_file id="fl-4a">
         <path>C:\ti\ccsv6\tools\compiler\ti-cgt-msp430_4.4.3\lib\</path>
         <kind>archive</kind>
         <file>rts430_eabi.lib</file>
         <name>mult16.obj</name>
      </input_file>
      <input_file id="fl-4b">
         <path>C:\ti\ccsv6\tools\compiler\ti-cgt-msp430_4.4.3\lib\</path>
         <kind>archive</kind>
         <file>rts430_eabi.lib</file>
         <name>pre_init.obj</name>
      </input_file>
      <input_file id="fl-4c">
         <path>C:\ti\ccsv6\tools\compiler\ti-cgt-msp430_4.4.3\lib\</path>
         <kind>archive</kind>
         <file>rts430_eabi.lib</file>
         <name>_lock.obj</name>
      </input_file>
      <input_file id="fl-4d">
         <path>C:\ti\ccsv6\tools\compiler\ti-cgt-msp430_4.4.3\lib\</path>
         <kind>archive</kind>
         <file>rts430_eabi.lib</file>
         <name>args_main.obj</name>
      </input_file>
      <input_file id="fl-4e">
         <path>C:\ti\ccsv6\tools\compiler\ti-cgt-msp430_4.4.3\lib\</path>
         <kind>archive</kind>
         <file>rts430_eabi.lib</file>
         <name>autoinit.obj</name>
      </input_file>
   </input_file_list>
   <object_component_list>
      <object_component id="oc-89">
         <name>.stack</name>
         <uninitialized>true</uninitialized>
         <run_address>0x3b0</run_address>
         <size>0x2</size>
         <input_file_ref idref="fl-39"/>
      </object_component>
      <object_component id="oc-2ef">
         <name>.stack</name>
         <uninitialized>true</uninitialized>
         <run_address>0x3b0</run_address>
         <size>0x0</size>
      </object_component>
      <object_component id="oc-281">
         <name>.text:aes_decr</name>
         <load_address>0xc000</load_address>
         <run_address>0xc000</run_address>
         <size>0x624</size>
         <input_file_ref idref="fl-3"/>
      </object_component>
      <object_component id="oc-28b">
         <name>.text:aes_encr</name>
         <load_address>0xc624</load_address>
         <run_address>0xc624</run_address>
         <size>0x42e</size>
         <input_file_ref idref="fl-3"/>
      </object_component>
      <object_component id="oc-1c6">
         <name>.text:Radio_Init</name>
         <load_address>0xca52</load_address>
         <run_address>0xca52</run_address>
         <size>0x226</size>
         <input_file_ref idref="fl-6"/>
      </object_component>
      <object_component id="oc-27b">
         <name>.text:expandKey</name>
         <load_address>0xcc78</load_address>
         <run_address>0xcc78</run_address>
         <size>0x136</size>
         <input_file_ref idref="fl-3"/>
      </object_component>
      <object_component id="oc-f7">
         <name>.text:main</name>
         <load_address>0xcdae</load_address>
         <run_address>0xcdae</run_address>
         <size>0xca</size>
         <input_file_ref idref="fl-2"/>
      </object_component>
      <object_component id="oc-177">
         <name>.text:Radio_Receive_Data</name>
         <load_address>0xce78</load_address>
         <run_address>0xce78</run_address>
         <size>0xae</size>
         <input_file_ref idref="fl-4"/>
      </object_component>
      <object_component id="oc-1f5">
         <name>.text:Radio_Rx</name>
         <load_address>0xcf26</load_address>
         <run_address>0xcf26</run_address>
         <size>0xa2</size>
         <input_file_ref idref="fl-6"/>
      </object_component>
      <object_component id="oc-1e0">
         <name>.text:cByteToHex</name>
         <load_address>0xcfc8</load_address>
         <run_address>0xcfc8</run_address>
         <size>0x92</size>
         <input_file_ref idref="fl-7"/>
      </object_component>
      <object_component id="oc-210">
         <name>.text:Radio_Tx</name>
         <load_address>0xd05a</load_address>
         <run_address>0xd05a</run_address>
         <size>0x84</size>
         <input_file_ref idref="fl-6"/>
      </object_component>
      <object_component id="oc-1cc">
         <name>.text:Radio_Set_Channel</name>
         <load_address>0xd0de</load_address>
         <run_address>0xd0de</run_address>
         <size>0x76</size>
         <input_file_ref idref="fl-6"/>
      </object_component>
      <object_component id="oc-9a">
         <name>.text:__TI_decompress_rle_core</name>
         <load_address>0xd154</load_address>
         <run_address>0xd154</run_address>
         <size>0x64</size>
         <input_file_ref idref="fl-3c"/>
      </object_component>
      <object_component id="oc-1b4">
         <name>.text:System_Set_Speed</name>
         <load_address>0xd1b8</load_address>
         <run_address>0xd1b8</run_address>
         <size>0x60</size>
         <input_file_ref idref="fl-7"/>
      </object_component>
      <object_component id="oc-dd">
         <name>.text:_auto_init</name>
         <load_address>0xd218</load_address>
         <run_address>0xd218</run_address>
         <size>0x58</size>
         <input_file_ref idref="fl-4e"/>
      </object_component>
      <object_component id="oc-1c0">
         <name>.text:SPI_Init</name>
         <load_address>0xd270</load_address>
         <run_address>0xd270</run_address>
         <size>0x56</size>
         <input_file_ref idref="fl-8"/>
      </object_component>
      <object_component id="oc-151">
         <name>.text:System_Init</name>
         <load_address>0xd2c6</load_address>
         <run_address>0xd2c6</run_address>
         <size>0x48</size>
         <input_file_ref idref="fl-7"/>
      </object_component>
      <object_component id="oc-165">
         <name>.text:UART0_Send_ByteToChar</name>
         <load_address>0xd30e</load_address>
         <run_address>0xd30e</run_address>
         <size>0x3e</size>
         <input_file_ref idref="fl-9"/>
      </object_component>
      <object_component id="oc-16b">
         <name>.text:Radio_Get_RSSI</name>
         <load_address>0xd34c</load_address>
         <run_address>0xd34c</run_address>
         <size>0x3a</size>
         <input_file_ref idref="fl-6"/>
      </object_component>
      <object_component id="oc-171">
         <name>.text:Radio_Set_Mode</name>
         <load_address>0xd386</load_address>
         <run_address>0xd386</run_address>
         <size>0x34</size>
         <input_file_ref idref="fl-6"/>
      </object_component>
      <object_component id="oc-c4">
         <name>.text:Timer11_A</name>
         <load_address>0xd3ba</load_address>
         <run_address>0xd3ba</run_address>
         <size>0x32</size>
         <input_file_ref idref="fl-2"/>
      </object_component>
      <object_component id="oc-157">
         <name>.text:Print_Error</name>
         <load_address>0xd3ec</load_address>
         <run_address>0xd3ec</run_address>
         <size>0x2e</size>
         <input_file_ref idref="fl-2"/>
      </object_component>
      <object_component id="oc-1ba">
         <name>.text:UART_Init</name>
         <load_address>0xd41a</load_address>
         <run_address>0xd41a</run_address>
         <size>0x2e</size>
         <input_file_ref idref="fl-9"/>
      </object_component>
      <object_component id="oc-1db">
         <name>.text</name>
         <load_address>0xd448</load_address>
         <run_address>0xd448</run_address>
         <size>0x2c</size>
         <input_file_ref idref="fl-38"/>
      </object_component>
      <object_component id="oc-294">
         <name>.text</name>
         <load_address>0xd474</load_address>
         <run_address>0xd474</run_address>
         <size>0x2c</size>
         <input_file_ref idref="fl-47"/>
      </object_component>
      <object_component id="oc-b8">
         <name>.text:Timer01_A</name>
         <load_address>0xd4a0</load_address>
         <run_address>0xd4a0</run_address>
         <size>0x26</size>
         <input_file_ref idref="fl-2"/>
      </object_component>
      <object_component id="oc-260">
         <name>.text:_Add_Address_To_Packet</name>
         <load_address>0xd4c6</load_address>
         <run_address>0xd4c6</run_address>
         <size>0x24</size>
         <input_file_ref idref="fl-6"/>
      </object_component>
      <object_component id="oc-1ed">
         <name>.text:SPI_Conf_Read_Register</name>
         <load_address>0xd4ea</load_address>
         <run_address>0xd4ea</run_address>
         <size>0x22</size>
         <input_file_ref idref="fl-8"/>
      </object_component>
      <object_component id="oc-ac">
         <name>.text:Port_2</name>
         <load_address>0xd50c</load_address>
         <run_address>0xd50c</run_address>
         <size>0x20</size>
         <input_file_ref idref="fl-7"/>
      </object_component>
      <object_component id="oc-1e7">
         <name>.text:SPI_Conf_Write_Register</name>
         <load_address>0xd52c</load_address>
         <run_address>0xd52c</run_address>
         <size>0x1e</size>
         <input_file_ref idref="fl-8"/>
      </object_component>
      <object_component id="oc-204">
         <name>.text:_Modify_Packet_Header</name>
         <load_address>0xd54a</load_address>
         <run_address>0xd54a</run_address>
         <size>0x1e</size>
         <input_file_ref idref="fl-4"/>
      </object_component>
      <object_component id="oc-250">
         <name>.text:aes_decrypt</name>
         <load_address>0xd568</load_address>
         <run_address>0xd568</run_address>
         <size>0x1e</size>
         <input_file_ref idref="fl-3"/>
      </object_component>
      <object_component id="oc-259">
         <name>.text:aes_encrypt</name>
         <load_address>0xd586</load_address>
         <run_address>0xd586</run_address>
         <size>0x1e</size>
         <input_file_ref idref="fl-3"/>
      </object_component>
      <object_component id="oc-2a3">
         <name>.text:galois_mul2</name>
         <load_address>0xd5a4</load_address>
         <run_address>0xd5a4</run_address>
         <size>0x1c</size>
         <input_file_ref idref="fl-3"/>
      </object_component>
      <object_component id="oc-266">
         <name>.text:SPI_Data_Write</name>
         <load_address>0xd5c0</load_address>
         <run_address>0xd5c0</run_address>
         <size>0x1a</size>
         <input_file_ref idref="fl-8"/>
      </object_component>
      <object_component id="oc-235">
         <name>.text:Spi_Send</name>
         <load_address>0xd5da</load_address>
         <run_address>0xd5da</run_address>
         <size>0x1a</size>
         <input_file_ref idref="fl-8"/>
      </object_component>
      <object_component id="oc-65">
         <name>.text:_c_int00_noargs_noexit</name>
         <load_address>0xd5f4</load_address>
         <run_address>0xd5f4</run_address>
         <size>0x1a</size>
         <input_file_ref idref="fl-3a"/>
      </object_component>
      <object_component id="oc-b2">
         <name>.text:USCI0RX_ISR</name>
         <load_address>0xd60e</load_address>
         <run_address>0xd60e</run_address>
         <size>0x16</size>
         <input_file_ref idref="fl-9"/>
      </object_component>
      <object_component id="oc-1d4">
         <name>.text:UART_Send_Byte</name>
         <load_address>0xd624</load_address>
         <run_address>0xd624</run_address>
         <size>0x14</size>
         <input_file_ref idref="fl-9"/>
      </object_component>
      <object_component id="oc-47">
         <name>.text:decompress:ZI:__TI_zero_init</name>
         <load_address>0xd638</load_address>
         <run_address>0xd638</run_address>
         <size>0x14</size>
         <input_file_ref idref="fl-3d"/>
      </object_component>
      <object_component id="oc-240">
         <name>.text</name>
         <load_address>0xd64c</load_address>
         <run_address>0xd64c</run_address>
         <size>0x14</size>
         <input_file_ref idref="fl-4a"/>
      </object_component>
      <object_component id="oc-22a">
         <name>.text:Radio_Set_TxPower</name>
         <load_address>0xd660</load_address>
         <run_address>0xd660</run_address>
         <size>0x12</size>
         <input_file_ref idref="fl-6"/>
      </object_component>
      <object_component id="oc-15e">
         <name>.text:UART_Send_Data</name>
         <load_address>0xd672</load_address>
         <run_address>0xd672</run_address>
         <size>0x12</size>
         <input_file_ref idref="fl-9"/>
      </object_component>
      <object_component id="oc-2f">
         <name>.text:decompress:none:__TI_decompress_none</name>
         <load_address>0xd684</load_address>
         <run_address>0xd684</run_address>
         <size>0x12</size>
         <input_file_ref idref="fl-3b"/>
      </object_component>
      <object_component id="oc-8d">
         <name>.text:memcpy</name>
         <load_address>0xd696</load_address>
         <run_address>0xd696</run_address>
         <size>0x12</size>
         <input_file_ref idref="fl-48"/>
      </object_component>
      <object_component id="oc-246">
         <name>.text:SPI_Data_Read</name>
         <load_address>0xd6a8</load_address>
         <run_address>0xd6a8</run_address>
         <size>0x10</size>
         <input_file_ref idref="fl-8"/>
      </object_component>
      <object_component id="oc-120">
         <name>.text</name>
         <load_address>0xd6b8</load_address>
         <run_address>0xd6b8</run_address>
         <size>0x10</size>
         <input_file_ref idref="fl-3e"/>
      </object_component>
      <object_component id="oc-1fb">
         <name>.text:Payload_Decrypt</name>
         <load_address>0xd6c8</load_address>
         <run_address>0xd6c8</run_address>
         <size>0xc</size>
         <input_file_ref idref="fl-5"/>
      </object_component>
      <object_component id="oc-20a">
         <name>.text:Payload_Encrypt</name>
         <load_address>0xd6d4</load_address>
         <run_address>0xd6d4</run_address>
         <size>0xc</size>
         <input_file_ref idref="fl-5"/>
      </object_component>
      <object_component id="oc-be">
         <name>.text:Timer00_A</name>
         <load_address>0xd6e0</load_address>
         <run_address>0xd6e0</run_address>
         <size>0x8</size>
         <input_file_ref idref="fl-2"/>
      </object_component>
      <object_component id="oc-ca">
         <name>.text:Timer10_A</name>
         <load_address>0xd6e8</load_address>
         <run_address>0xd6e8</run_address>
         <size>0x6</size>
         <input_file_ref idref="fl-2"/>
      </object_component>
      <object_component id="oc-a7">
         <name>.text:_isr:__TI_ISR_TRAP</name>
         <load_address>0xd6ee</load_address>
         <run_address>0xd6ee</run_address>
         <size>0x6</size>
         <input_file_ref idref="fl-46"/>
      </object_component>
      <object_component id="oc-35">
         <name>.text:decompress:rle24:__TI_decompress_rle24</name>
         <load_address>0xd6f4</load_address>
         <run_address>0xd6f4</run_address>
         <size>0x6</size>
         <input_file_ref idref="fl-3c"/>
      </object_component>
      <object_component id="oc-d7">
         <name>.text:_system_pre_init</name>
         <load_address>0xd6fa</load_address>
         <run_address>0xd6fa</run_address>
         <size>0x4</size>
         <input_file_ref idref="fl-4b"/>
      </object_component>
      <object_component id="oc-ff">
         <name>.text:abort</name>
         <load_address>0xd6fe</load_address>
         <run_address>0xd6fe</run_address>
         <size>0x4</size>
         <input_file_ref idref="fl-3f"/>
      </object_component>
      <object_component id="oc-2ee">
         <name>.cinit..data.load</name>
         <load_address>0xda40</load_address>
         <run_address>0xda40</run_address>
         <size>0x15</size>
      </object_component>
      <object_component id="oc-2eb">
         <name>__TI_handler_table</name>
         <load_address>0xda56</load_address>
         <run_address>0xda56</run_address>
         <size>0x6</size>
      </object_component>
      <object_component id="oc-2ed">
         <name>.cinit..bss.load</name>
         <load_address>0xda5c</load_address>
         <run_address>0xda5c</run_address>
         <size>0x4</size>
      </object_component>
      <object_component id="oc-2ec">
         <name>__TI_cinit_table</name>
         <load_address>0xda60</load_address>
         <run_address>0xda60</run_address>
         <size>0x8</size>
      </object_component>
      <object_component id="oc-2a0">
         <name>.const:.string:rsbox</name>
         <load_address>0xd702</load_address>
         <run_address>0xd702</run_address>
         <size>0x100</size>
         <input_file_ref idref="fl-3"/>
      </object_component>
      <object_component id="oc-299">
         <name>.const:.string:sbox</name>
         <load_address>0xd802</load_address>
         <run_address>0xd802</run_address>
         <size>0x100</size>
         <input_file_ref idref="fl-3"/>
      </object_component>
      <object_component id="oc-15d">
         <name>.const:.string</name>
         <load_address>0xd902</load_address>
         <run_address>0xd902</run_address>
         <size>0x8c</size>
         <input_file_ref idref="fl-2"/>
      </object_component>
      <object_component id="oc-245">
         <name>.const:.string</name>
         <load_address>0xd98e</load_address>
         <run_address>0xd98e</run_address>
         <size>0x64</size>
         <input_file_ref idref="fl-6"/>
      </object_component>
      <object_component id="oc-224">
         <name>.const:.string:P_VALUE_CH_</name>
         <load_address>0xd9f2</load_address>
         <run_address>0xd9f2</run_address>
         <size>0x15</size>
         <input_file_ref idref="fl-6"/>
      </object_component>
      <object_component id="oc-221">
         <name>.const:.string:R_VALUE_CH_</name>
         <load_address>0xda08</load_address>
         <run_address>0xda08</run_address>
         <size>0x15</size>
         <input_file_ref idref="fl-6"/>
      </object_component>
      <object_component id="oc-227">
         <name>.const:.string:S_VALUE_CH_</name>
         <load_address>0xda1e</load_address>
         <run_address>0xda1e</run_address>
         <size>0x15</size>
         <input_file_ref idref="fl-6"/>
      </object_component>
      <object_component id="oc-29c">
         <name>.const:.string:Rcon</name>
         <load_address>0xda34</load_address>
         <run_address>0xda34</run_address>
         <size>0xb</size>
         <input_file_ref idref="fl-3"/>
      </object_component>
      <object_component id="oc-3b">
         <name>.int02</name>
         <load_address>0xffe4</load_address>
         <run_address>0xffe4</run_address>
         <size>0x2</size>
         <input_file_ref idref="fl-40"/>
      </object_component>
      <object_component id="oc-3c">
         <name>.int03</name>
         <load_address>0xffe6</load_address>
         <run_address>0xffe6</run_address>
         <size>0x2</size>
         <input_file_ref idref="fl-7"/>
      </object_component>
      <object_component id="oc-3d">
         <name>.int05</name>
         <load_address>0xffea</load_address>
         <run_address>0xffea</run_address>
         <size>0x2</size>
         <input_file_ref idref="fl-41"/>
      </object_component>
      <object_component id="oc-3e">
         <name>.int06</name>
         <load_address>0xffec</load_address>
         <run_address>0xffec</run_address>
         <size>0x2</size>
         <input_file_ref idref="fl-42"/>
      </object_component>
      <object_component id="oc-3f">
         <name>.int07</name>
         <load_address>0xffee</load_address>
         <run_address>0xffee</run_address>
         <size>0x2</size>
         <input_file_ref idref="fl-9"/>
      </object_component>
      <object_component id="oc-40">
         <name>.int08</name>
         <load_address>0xfff0</load_address>
         <run_address>0xfff0</run_address>
         <size>0x2</size>
         <input_file_ref idref="fl-2"/>
      </object_component>
      <object_component id="oc-41">
         <name>.int09</name>
         <load_address>0xfff2</load_address>
         <run_address>0xfff2</run_address>
         <size>0x2</size>
         <input_file_ref idref="fl-2"/>
      </object_component>
      <object_component id="oc-42">
         <name>.int10</name>
         <load_address>0xfff4</load_address>
         <run_address>0xfff4</run_address>
         <size>0x2</size>
         <input_file_ref idref="fl-43"/>
      </object_component>
      <object_component id="oc-43">
         <name>.int11</name>
         <load_address>0xfff6</load_address>
         <run_address>0xfff6</run_address>
         <size>0x2</size>
         <input_file_ref idref="fl-44"/>
      </object_component>
      <object_component id="oc-44">
         <name>.int12</name>
         <load_address>0xfff8</load_address>
         <run_address>0xfff8</run_address>
         <size>0x2</size>
         <input_file_ref idref="fl-2"/>
      </object_component>
      <object_component id="oc-45">
         <name>.int13</name>
         <load_address>0xfffa</load_address>
         <run_address>0xfffa</run_address>
         <size>0x2</size>
         <input_file_ref idref="fl-2"/>
      </object_component>
      <object_component id="oc-46">
         <name>.int14</name>
         <load_address>0xfffc</load_address>
         <run_address>0xfffc</run_address>
         <size>0x2</size>
         <input_file_ref idref="fl-45"/>
      </object_component>
      <object_component id="oc-8c">
         <name>.reset</name>
         <load_address>0xfffe</load_address>
         <run_address>0xfffe</run_address>
         <size>0x2</size>
         <input_file_ref idref="fl-39"/>
      </object_component>
      <object_component id="oc-12a">
         <name>.common:uart_buf_size</name>
         <uninitialized>true</uninitialized>
         <run_address>0x2a4</run_address>
         <size>0x1</size>
      </object_component>
      <object_component id="oc-135">
         <name>.common:uart_rcv_buf</name>
         <uninitialized>true</uninitialized>
         <run_address>0x280</run_address>
         <size>0x20</size>
      </object_component>
      <object_component id="oc-201">
         <name>.common:TxPacket</name>
         <uninitialized>true</uninitialized>
         <run_address>0x240</run_address>
         <size>0x40</size>
      </object_component>
      <object_component id="oc-164">
         <name>.common:RxPacket</name>
         <uninitialized>true</uninitialized>
         <run_address>0x200</run_address>
         <size>0x40</size>
      </object_component>
      <object_component id="oc-202">
         <name>.common:packet_len</name>
         <uninitialized>true</uninitialized>
         <run_address>0x2a3</run_address>
         <size>0x1</size>
      </object_component>
      <object_component id="oc-203">
         <name>.common:nwk_header</name>
         <uninitialized>true</uninitialized>
         <run_address>0x2a0</run_address>
         <size>0x2</size>
      </object_component>
      <object_component id="oc-23b">
         <name>.common:dummy</name>
         <uninitialized>true</uninitialized>
         <run_address>0x2a2</run_address>
         <size>0x1</size>
      </object_component>
      <object_component id="oc-17d">
         <name>.data</name>
         <load_address>0x2b6</load_address>
         <run_address>0x2b6</run_address>
         <size>0x1</size>
         <input_file_ref idref="fl-2"/>
      </object_component>
      <object_component id="oc-24d">
         <name>.data:encryption_key</name>
         <load_address>0x2a6</load_address>
         <run_address>0x2a6</run_address>
         <size>0x10</size>
         <input_file_ref idref="fl-5"/>
      </object_component>
      <object_component id="oc-12b">
         <name>.debug_info</name>
         <load_address>0x0</load_address>
         <run_address>0x0</run_address>
         <size>0x64d</size>
         <input_file_ref idref="fl-2"/>
      </object_component>
      <object_component id="oc-17e">
         <name>.debug_info</name>
         <load_address>0x64d</load_address>
         <run_address>0x64d</run_address>
         <size>0x106</size>
         <input_file_ref idref="fl-2"/>
      </object_component>
      <object_component id="oc-f8">
         <name>.debug_info</name>
         <load_address>0x753</load_address>
         <run_address>0x753</run_address>
         <size>0x32d</size>
         <input_file_ref idref="fl-2"/>
      </object_component>
      <object_component id="oc-bf">
         <name>.debug_info</name>
         <load_address>0xa80</load_address>
         <run_address>0xa80</run_address>
         <size>0x139</size>
         <input_file_ref idref="fl-2"/>
      </object_component>
      <object_component id="oc-b9">
         <name>.debug_info</name>
         <load_address>0xbb9</load_address>
         <run_address>0xbb9</run_address>
         <size>0x139</size>
         <input_file_ref idref="fl-2"/>
      </object_component>
      <object_component id="oc-cb">
         <name>.debug_info</name>
         <load_address>0xcf2</load_address>
         <run_address>0xcf2</run_address>
         <size>0x139</size>
         <input_file_ref idref="fl-2"/>
      </object_component>
      <object_component id="oc-c5">
         <name>.debug_info</name>
         <load_address>0xe2b</load_address>
         <run_address>0xe2b</run_address>
         <size>0x139</size>
         <input_file_ref idref="fl-2"/>
      </object_component>
      <object_component id="oc-158">
         <name>.debug_info</name>
         <load_address>0xf64</load_address>
         <run_address>0xf64</run_address>
         <size>0x1bd</size>
         <input_file_ref idref="fl-2"/>
      </object_component>
      <object_component id="oc-10d">
         <name>.debug_info</name>
         <load_address>0x1121</load_address>
         <run_address>0x1121</run_address>
         <size>0x84</size>
         <input_file_ref idref="fl-2"/>
      </object_component>
      <object_component id="oc-181">
         <name>.debug_info</name>
         <load_address>0x11a5</load_address>
         <run_address>0x11a5</run_address>
         <size>0x6d</size>
         <input_file_ref idref="fl-2"/>
      </object_component>
      <object_component id="oc-288">
         <name>.debug_info</name>
         <load_address>0x1212</load_address>
         <run_address>0x1212</run_address>
         <size>0x17c</size>
         <input_file_ref idref="fl-3"/>
      </object_component>
      <object_component id="oc-29a">
         <name>.debug_info</name>
         <load_address>0x138e</load_address>
         <run_address>0x138e</run_address>
         <size>0xe2</size>
         <input_file_ref idref="fl-3"/>
      </object_component>
      <object_component id="oc-2a1">
         <name>.debug_info</name>
         <load_address>0x1470</load_address>
         <run_address>0x1470</run_address>
         <size>0xe4</size>
         <input_file_ref idref="fl-3"/>
      </object_component>
      <object_component id="oc-29d">
         <name>.debug_info</name>
         <load_address>0x1554</load_address>
         <run_address>0x1554</run_address>
         <size>0xe2</size>
         <input_file_ref idref="fl-3"/>
      </object_component>
      <object_component id="oc-27c">
         <name>.debug_info</name>
         <load_address>0x1636</load_address>
         <run_address>0x1636</run_address>
         <size>0x1ac</size>
         <input_file_ref idref="fl-3"/>
      </object_component>
      <object_component id="oc-2a4">
         <name>.debug_info</name>
         <load_address>0x17e2</load_address>
         <run_address>0x17e2</run_address>
         <size>0x160</size>
         <input_file_ref idref="fl-3"/>
      </object_component>
      <object_component id="oc-28c">
         <name>.debug_info</name>
         <load_address>0x1942</load_address>
         <run_address>0x1942</run_address>
         <size>0x300</size>
         <input_file_ref idref="fl-3"/>
      </object_component>
      <object_component id="oc-282">
         <name>.debug_info</name>
         <load_address>0x1c42</load_address>
         <run_address>0x1c42</run_address>
         <size>0x40b</size>
         <input_file_ref idref="fl-3"/>
      </object_component>
      <object_component id="oc-25a">
         <name>.debug_info</name>
         <load_address>0x204d</load_address>
         <run_address>0x204d</run_address>
         <size>0x197</size>
         <input_file_ref idref="fl-3"/>
      </object_component>
      <object_component id="oc-251">
         <name>.debug_info</name>
         <load_address>0x21e4</load_address>
         <run_address>0x21e4</run_address>
         <size>0x197</size>
         <input_file_ref idref="fl-3"/>
      </object_component>
      <object_component id="oc-12d">
         <name>.debug_info</name>
         <load_address>0x237b</load_address>
         <run_address>0x237b</run_address>
         <size>0x423</size>
         <input_file_ref idref="fl-4"/>
      </object_component>
      <object_component id="oc-178">
         <name>.debug_info</name>
         <load_address>0x279e</load_address>
         <run_address>0x279e</run_address>
         <size>0x2c8</size>
         <input_file_ref idref="fl-4"/>
      </object_component>
      <object_component id="oc-205">
         <name>.debug_info</name>
         <load_address>0x2a66</load_address>
         <run_address>0x2a66</run_address>
         <size>0x20c</size>
         <input_file_ref idref="fl-4"/>
      </object_component>
      <object_component id="oc-257">
         <name>.debug_info</name>
         <load_address>0x2c72</load_address>
         <run_address>0x2c72</run_address>
         <size>0x205</size>
         <input_file_ref idref="fl-5"/>
      </object_component>
      <object_component id="oc-24e">
         <name>.debug_info</name>
         <load_address>0x2e77</load_address>
         <run_address>0x2e77</run_address>
         <size>0x118</size>
         <input_file_ref idref="fl-5"/>
      </object_component>
      <object_component id="oc-20b">
         <name>.debug_info</name>
         <load_address>0x2f8f</load_address>
         <run_address>0x2f8f</run_address>
         <size>0x181</size>
         <input_file_ref idref="fl-5"/>
      </object_component>
      <object_component id="oc-1fc">
         <name>.debug_info</name>
         <load_address>0x3110</load_address>
         <run_address>0x3110</run_address>
         <size>0x181</size>
         <input_file_ref idref="fl-5"/>
      </object_component>
      <object_component id="oc-12f">
         <name>.debug_info</name>
         <load_address>0x3291</load_address>
         <run_address>0x3291</run_address>
         <size>0x47f</size>
         <input_file_ref idref="fl-6"/>
      </object_component>
      <object_component id="oc-225">
         <name>.debug_info</name>
         <load_address>0x3710</load_address>
         <run_address>0x3710</run_address>
         <size>0x10b</size>
         <input_file_ref idref="fl-6"/>
      </object_component>
      <object_component id="oc-222">
         <name>.debug_info</name>
         <load_address>0x381b</load_address>
         <run_address>0x381b</run_address>
         <size>0x10b</size>
         <input_file_ref idref="fl-6"/>
      </object_component>
      <object_component id="oc-228">
         <name>.debug_info</name>
         <load_address>0x3926</load_address>
         <run_address>0x3926</run_address>
         <size>0x10b</size>
         <input_file_ref idref="fl-6"/>
      </object_component>
      <object_component id="oc-1c7">
         <name>.debug_info</name>
         <load_address>0x3a31</load_address>
         <run_address>0x3a31</run_address>
         <size>0x5ca</size>
         <input_file_ref idref="fl-6"/>
      </object_component>
      <object_component id="oc-211">
         <name>.debug_info</name>
         <load_address>0x3ffb</load_address>
         <run_address>0x3ffb</run_address>
         <size>0x2c4</size>
         <input_file_ref idref="fl-6"/>
      </object_component>
      <object_component id="oc-1f6">
         <name>.debug_info</name>
         <load_address>0x42bf</load_address>
         <run_address>0x42bf</run_address>
         <size>0x2bc</size>
         <input_file_ref idref="fl-6"/>
      </object_component>
      <object_component id="oc-1cd">
         <name>.debug_info</name>
         <load_address>0x457b</load_address>
         <run_address>0x457b</run_address>
         <size>0x252</size>
         <input_file_ref idref="fl-6"/>
      </object_component>
      <object_component id="oc-22b">
         <name>.debug_info</name>
         <load_address>0x47cd</load_address>
         <run_address>0x47cd</run_address>
         <size>0x196</size>
         <input_file_ref idref="fl-6"/>
      </object_component>
      <object_component id="oc-172">
         <name>.debug_info</name>
         <load_address>0x4963</load_address>
         <run_address>0x4963</run_address>
         <size>0x1c8</size>
         <input_file_ref idref="fl-6"/>
      </object_component>
      <object_component id="oc-16c">
         <name>.debug_info</name>
         <load_address>0x4b2b</load_address>
         <run_address>0x4b2b</run_address>
         <size>0x1ec</size>
         <input_file_ref idref="fl-6"/>
      </object_component>
      <object_component id="oc-261">
         <name>.debug_info</name>
         <load_address>0x4d17</load_address>
         <run_address>0x4d17</run_address>
         <size>0x1fd</size>
         <input_file_ref idref="fl-6"/>
      </object_component>
      <object_component id="oc-131">
         <name>.debug_info</name>
         <load_address>0x4f14</load_address>
         <run_address>0x4f14</run_address>
         <size>0x588</size>
         <input_file_ref idref="fl-7"/>
      </object_component>
      <object_component id="oc-152">
         <name>.debug_info</name>
         <load_address>0x549c</load_address>
         <run_address>0x549c</run_address>
         <size>0x1cc</size>
         <input_file_ref idref="fl-7"/>
      </object_component>
      <object_component id="oc-1b5">
         <name>.debug_info</name>
         <load_address>0x5668</load_address>
         <run_address>0x5668</run_address>
         <size>0x1b0</size>
         <input_file_ref idref="fl-7"/>
      </object_component>
      <object_component id="oc-1e1">
         <name>.debug_info</name>
         <load_address>0x5818</load_address>
         <run_address>0x5818</run_address>
         <size>0x18b</size>
         <input_file_ref idref="fl-7"/>
      </object_component>
      <object_component id="oc-ad">
         <name>.debug_info</name>
         <load_address>0x59a3</load_address>
         <run_address>0x59a3</run_address>
         <size>0x145</size>
         <input_file_ref idref="fl-7"/>
      </object_component>
      <object_component id="oc-23c">
         <name>.debug_info</name>
         <load_address>0x5ae8</load_address>
         <run_address>0x5ae8</run_address>
         <size>0x325</size>
         <input_file_ref idref="fl-8"/>
      </object_component>
      <object_component id="oc-1c1">
         <name>.debug_info</name>
         <load_address>0x5e0d</load_address>
         <run_address>0x5e0d</run_address>
         <size>0x169</size>
         <input_file_ref idref="fl-8"/>
      </object_component>
      <object_component id="oc-236">
         <name>.debug_info</name>
         <load_address>0x5f76</load_address>
         <run_address>0x5f76</run_address>
         <size>0x193</size>
         <input_file_ref idref="fl-8"/>
      </object_component>
      <object_component id="oc-1ee">
         <name>.debug_info</name>
         <load_address>0x6109</load_address>
         <run_address>0x6109</run_address>
         <size>0x1be</size>
         <input_file_ref idref="fl-8"/>
      </object_component>
      <object_component id="oc-247">
         <name>.debug_info</name>
         <load_address>0x62c7</load_address>
         <run_address>0x62c7</run_address>
         <size>0x186</size>
         <input_file_ref idref="fl-8"/>
      </object_component>
      <object_component id="oc-1e8">
         <name>.debug_info</name>
         <load_address>0x644d</load_address>
         <run_address>0x644d</run_address>
         <size>0x1e2</size>
         <input_file_ref idref="fl-8"/>
      </object_component>
      <object_component id="oc-267">
         <name>.debug_info</name>
         <load_address>0x662f</load_address>
         <run_address>0x662f</run_address>
         <size>0x1d0</size>
         <input_file_ref idref="fl-8"/>
      </object_component>
      <object_component id="oc-133">
         <name>.debug_info</name>
         <load_address>0x67ff</load_address>
         <run_address>0x67ff</run_address>
         <size>0x38c</size>
         <input_file_ref idref="fl-9"/>
      </object_component>
      <object_component id="oc-1bb">
         <name>.debug_info</name>
         <load_address>0x6b8b</load_address>
         <run_address>0x6b8b</run_address>
         <size>0x16e</size>
         <input_file_ref idref="fl-9"/>
      </object_component>
      <object_component id="oc-1d5">
         <name>.debug_info</name>
         <load_address>0x6cf9</load_address>
         <run_address>0x6cf9</run_address>
         <size>0x18e</size>
         <input_file_ref idref="fl-9"/>
      </object_component>
      <object_component id="oc-15f">
         <name>.debug_info</name>
         <load_address>0x6e87</load_address>
         <run_address>0x6e87</run_address>
         <size>0x1ab</size>
         <input_file_ref idref="fl-9"/>
      </object_component>
      <object_component id="oc-166">
         <name>.debug_info</name>
         <load_address>0x7032</load_address>
         <run_address>0x7032</run_address>
         <size>0x1ff</size>
         <input_file_ref idref="fl-9"/>
      </object_component>
      <object_component id="oc-b3">
         <name>.debug_info</name>
         <load_address>0x7231</load_address>
         <run_address>0x7231</run_address>
         <size>0x173</size>
         <input_file_ref idref="fl-9"/>
      </object_component>
      <object_component id="oc-1dd">
         <name>.debug_info</name>
         <load_address>0x73a4</load_address>
         <run_address>0x73a4</run_address>
         <size>0xff</size>
         <input_file_ref idref="fl-38"/>
      </object_component>
      <object_component id="oc-8a">
         <name>.debug_info</name>
         <load_address>0x74a3</load_address>
         <run_address>0x74a3</run_address>
         <size>0xd8</size>
         <input_file_ref idref="fl-39"/>
      </object_component>
      <object_component id="oc-66">
         <name>.debug_info</name>
         <load_address>0x757b</load_address>
         <run_address>0x757b</run_address>
         <size>0x179</size>
         <input_file_ref idref="fl-3a"/>
      </object_component>
      <object_component id="oc-99">
         <name>.debug_info</name>
         <load_address>0x76f4</load_address>
         <run_address>0x76f4</run_address>
         <size>0x195</size>
         <input_file_ref idref="fl-3b"/>
      </object_component>
      <object_component id="oc-30">
         <name>.debug_info</name>
         <load_address>0x7889</load_address>
         <run_address>0x7889</run_address>
         <size>0x1c2</size>
         <input_file_ref idref="fl-3b"/>
      </object_component>
      <object_component id="oc-94">
         <name>.debug_info</name>
         <load_address>0x7a4b</load_address>
         <run_address>0x7a4b</run_address>
         <size>0x46</size>
         <input_file_ref idref="fl-3b"/>
      </object_component>
      <object_component id="oc-119">
         <name>.debug_info</name>
         <load_address>0x7a91</load_address>
         <run_address>0x7a91</run_address>
         <size>0x2c</size>
         <input_file_ref idref="fl-3b"/>
      </object_component>
      <object_component id="oc-a1">
         <name>.debug_info</name>
         <load_address>0x7abd</load_address>
         <run_address>0x7abd</run_address>
         <size>0x157</size>
         <input_file_ref idref="fl-3c"/>
      </object_component>
      <object_component id="oc-9b">
         <name>.debug_info</name>
         <load_address>0x7c14</load_address>
         <run_address>0x7c14</run_address>
         <size>0x21d</size>
         <input_file_ref idref="fl-3c"/>
      </object_component>
      <object_component id="oc-36">
         <name>.debug_info</name>
         <load_address>0x7e31</load_address>
         <run_address>0x7e31</run_address>
         <size>0x194</size>
         <input_file_ref idref="fl-3c"/>
      </object_component>
      <object_component id="oc-a2">
         <name>.debug_info</name>
         <load_address>0x7fc5</load_address>
         <run_address>0x7fc5</run_address>
         <size>0x39</size>
         <input_file_ref idref="fl-3c"/>
      </object_component>
      <object_component id="oc-d6">
         <name>.debug_info</name>
         <load_address>0x7ffe</load_address>
         <run_address>0x7ffe</run_address>
         <size>0x14d</size>
         <input_file_ref idref="fl-3d"/>
      </object_component>
      <object_component id="oc-48">
         <name>.debug_info</name>
         <load_address>0x814b</load_address>
         <run_address>0x814b</run_address>
         <size>0x198</size>
         <input_file_ref idref="fl-3d"/>
      </object_component>
      <object_component id="oc-d1">
         <name>.debug_info</name>
         <load_address>0x82e3</load_address>
         <run_address>0x82e3</run_address>
         <size>0x46</size>
         <input_file_ref idref="fl-3d"/>
      </object_component>
      <object_component id="oc-114">
         <name>.debug_info</name>
         <load_address>0x8329</load_address>
         <run_address>0x8329</run_address>
         <size>0x2c</size>
         <input_file_ref idref="fl-3d"/>
      </object_component>
      <object_component id="oc-122">
         <name>.debug_info</name>
         <load_address>0x8355</load_address>
         <run_address>0x8355</run_address>
         <size>0x10d</size>
         <input_file_ref idref="fl-3e"/>
      </object_component>
      <object_component id="oc-100">
         <name>.debug_info</name>
         <load_address>0x8462</load_address>
         <run_address>0x8462</run_address>
         <size>0xfa</size>
         <input_file_ref idref="fl-3f"/>
      </object_component>
      <object_component id="oc-a8">
         <name>.debug_info</name>
         <load_address>0x855c</load_address>
         <run_address>0x855c</run_address>
         <size>0xee</size>
         <input_file_ref idref="fl-46"/>
      </object_component>
      <object_component id="oc-295">
         <name>.debug_info</name>
         <load_address>0x864a</load_address>
         <run_address>0x864a</run_address>
         <size>0xff</size>
         <input_file_ref idref="fl-47"/>
      </object_component>
      <object_component id="oc-113">
         <name>.debug_info</name>
         <load_address>0x8749</load_address>
         <run_address>0x8749</run_address>
         <size>0x150</size>
         <input_file_ref idref="fl-48"/>
      </object_component>
      <object_component id="oc-8e">
         <name>.debug_info</name>
         <load_address>0x8899</load_address>
         <run_address>0x8899</run_address>
         <size>0x174</size>
         <input_file_ref idref="fl-48"/>
      </object_component>
      <object_component id="oc-241">
         <name>.debug_info</name>
         <load_address>0x8a0d</load_address>
         <run_address>0x8a0d</run_address>
         <size>0x100</size>
         <input_file_ref idref="fl-4a"/>
      </object_component>
      <object_component id="oc-d8">
         <name>.debug_info</name>
         <load_address>0x8b0d</load_address>
         <run_address>0x8b0d</run_address>
         <size>0x12b</size>
         <input_file_ref idref="fl-4b"/>
      </object_component>
      <object_component id="oc-13f">
         <name>.debug_info</name>
         <load_address>0x8c38</load_address>
         <run_address>0x8c38</run_address>
         <size>0x2cc</size>
         <input_file_ref idref="fl-4e"/>
      </object_component>
      <object_component id="oc-de">
         <name>.debug_info</name>
         <load_address>0x8f04</load_address>
         <run_address>0x8f04</run_address>
         <size>0x17e</size>
         <input_file_ref idref="fl-4e"/>
      </object_component>
      <object_component id="oc-196">
         <name>.debug_info</name>
         <load_address>0x9082</load_address>
         <run_address>0x9082</run_address>
         <size>0x39</size>
         <input_file_ref idref="fl-4e"/>
      </object_component>
      <object_component id="oc-2f0">
         <name>.debug_info</name>
         <load_address>0x90bb</load_address>
         <run_address>0x90bb</run_address>
         <size>0xd6</size>
      </object_component>
      <object_component id="oc-18b">
         <name>.debug_line</name>
         <load_address>0x0</load_address>
         <run_address>0x0</run_address>
         <size>0x27f</size>
         <input_file_ref idref="fl-2"/>
      </object_component>
      <object_component id="oc-218">
         <name>.debug_line</name>
         <load_address>0x27f</load_address>
         <run_address>0x27f</run_address>
         <size>0x31</size>
         <input_file_ref idref="fl-2"/>
      </object_component>
      <object_component id="oc-fb">
         <name>.debug_line</name>
         <load_address>0x2b0</load_address>
         <run_address>0x2b0</run_address>
         <size>0x7d</size>
         <input_file_ref idref="fl-2"/>
      </object_component>
      <object_component id="oc-c2">
         <name>.debug_line</name>
         <load_address>0x32d</load_address>
         <run_address>0x32d</run_address>
         <size>0x41</size>
         <input_file_ref idref="fl-2"/>
      </object_component>
      <object_component id="oc-bc">
         <name>.debug_line</name>
         <load_address>0x36e</load_address>
         <run_address>0x36e</run_address>
         <size>0x4a</size>
         <input_file_ref idref="fl-2"/>
      </object_component>
      <object_component id="oc-ce">
         <name>.debug_line</name>
         <load_address>0x3b8</load_address>
         <run_address>0x3b8</run_address>
         <size>0x44</size>
         <input_file_ref idref="fl-2"/>
      </object_component>
      <object_component id="oc-c8">
         <name>.debug_line</name>
         <load_address>0x3fc</load_address>
         <run_address>0x3fc</run_address>
         <size>0x4c</size>
         <input_file_ref idref="fl-2"/>
      </object_component>
      <object_component id="oc-15b">
         <name>.debug_line</name>
         <load_address>0x448</load_address>
         <run_address>0x448</run_address>
         <size>0x4d</size>
         <input_file_ref idref="fl-2"/>
      </object_component>
      <object_component id="oc-110">
         <name>.debug_line</name>
         <load_address>0x495</load_address>
         <run_address>0x495</run_address>
         <size>0x20</size>
         <input_file_ref idref="fl-2"/>
      </object_component>
      <object_component id="oc-184">
         <name>.debug_line</name>
         <load_address>0x4b5</load_address>
         <run_address>0x4b5</run_address>
         <size>0x93</size>
         <input_file_ref idref="fl-2"/>
      </object_component>
      <object_component id="oc-2ab">
         <name>.debug_line</name>
         <load_address>0x548</load_address>
         <run_address>0x548</run_address>
         <size>0x20</size>
         <input_file_ref idref="fl-3"/>
      </object_component>
      <object_component id="oc-2af">
         <name>.debug_line</name>
         <load_address>0x568</load_address>
         <run_address>0x568</run_address>
         <size>0x30</size>
         <input_file_ref idref="fl-3"/>
      </object_component>
      <object_component id="oc-2b3">
         <name>.debug_line</name>
         <load_address>0x598</load_address>
         <run_address>0x598</run_address>
         <size>0x30</size>
         <input_file_ref idref="fl-3"/>
      </object_component>
      <object_component id="oc-2b1">
         <name>.debug_line</name>
         <load_address>0x5c8</load_address>
         <run_address>0x5c8</run_address>
         <size>0x30</size>
         <input_file_ref idref="fl-3"/>
      </object_component>
      <object_component id="oc-27f">
         <name>.debug_line</name>
         <load_address>0x5f8</load_address>
         <run_address>0x5f8</run_address>
         <size>0x65</size>
         <input_file_ref idref="fl-3"/>
      </object_component>
      <object_component id="oc-2a7">
         <name>.debug_line</name>
         <load_address>0x65d</load_address>
         <run_address>0x65d</run_address>
         <size>0x47</size>
         <input_file_ref idref="fl-3"/>
      </object_component>
      <object_component id="oc-28f">
         <name>.debug_line</name>
         <load_address>0x6a4</load_address>
         <run_address>0x6a4</run_address>
         <size>0x16f</size>
         <input_file_ref idref="fl-3"/>
      </object_component>
      <object_component id="oc-285">
         <name>.debug_line</name>
         <load_address>0x813</load_address>
         <run_address>0x813</run_address>
         <size>0x1bf</size>
         <input_file_ref idref="fl-3"/>
      </object_component>
      <object_component id="oc-25d">
         <name>.debug_line</name>
         <load_address>0x9d2</load_address>
         <run_address>0x9d2</run_address>
         <size>0x44</size>
         <input_file_ref idref="fl-3"/>
      </object_component>
      <object_component id="oc-254">
         <name>.debug_line</name>
         <load_address>0xa16</load_address>
         <run_address>0xa16</run_address>
         <size>0x44</size>
         <input_file_ref idref="fl-3"/>
      </object_component>
      <object_component id="oc-18d">
         <name>.debug_line</name>
         <load_address>0xa5a</load_address>
         <run_address>0xa5a</run_address>
         <size>0x199</size>
         <input_file_ref idref="fl-4"/>
      </object_component>
      <object_component id="oc-17b">
         <name>.debug_line</name>
         <load_address>0xbf3</load_address>
         <run_address>0xbf3</run_address>
         <size>0x7a</size>
         <input_file_ref idref="fl-4"/>
      </object_component>
      <object_component id="oc-208">
         <name>.debug_line</name>
         <load_address>0xc6d</load_address>
         <run_address>0xc6d</run_address>
         <size>0x56</size>
         <input_file_ref idref="fl-4"/>
      </object_component>
      <object_component id="oc-28a">
         <name>.debug_line</name>
         <load_address>0xcc3</load_address>
         <run_address>0xcc3</run_address>
         <size>0x30</size>
         <input_file_ref idref="fl-5"/>
      </object_component>
      <object_component id="oc-27a">
         <name>.debug_line</name>
         <load_address>0xcf3</load_address>
         <run_address>0xcf3</run_address>
         <size>0x39</size>
         <input_file_ref idref="fl-5"/>
      </object_component>
      <object_component id="oc-20e">
         <name>.debug_line</name>
         <load_address>0xd2c</load_address>
         <run_address>0xd2c</run_address>
         <size>0x4a</size>
         <input_file_ref idref="fl-5"/>
      </object_component>
      <object_component id="oc-1ff">
         <name>.debug_line</name>
         <load_address>0xd76</load_address>
         <run_address>0xd76</run_address>
         <size>0x4a</size>
         <input_file_ref idref="fl-5"/>
      </object_component>
      <object_component id="oc-18f">
         <name>.debug_line</name>
         <load_address>0xdc0</load_address>
         <run_address>0xdc0</run_address>
         <size>0x1ab</size>
         <input_file_ref idref="fl-6"/>
      </object_component>
      <object_component id="oc-270">
         <name>.debug_line</name>
         <load_address>0xf6b</load_address>
         <run_address>0xf6b</run_address>
         <size>0x32</size>
         <input_file_ref idref="fl-6"/>
      </object_component>
      <object_component id="oc-26e">
         <name>.debug_line</name>
         <load_address>0xf9d</load_address>
         <run_address>0xf9d</run_address>
         <size>0x32</size>
         <input_file_ref idref="fl-6"/>
      </object_component>
      <object_component id="oc-272">
         <name>.debug_line</name>
         <load_address>0xfcf</load_address>
         <run_address>0xfcf</run_address>
         <size>0x32</size>
         <input_file_ref idref="fl-6"/>
      </object_component>
      <object_component id="oc-1ca">
         <name>.debug_line</name>
         <load_address>0x1001</load_address>
         <run_address>0x1001</run_address>
         <size>0xa6</size>
         <input_file_ref idref="fl-6"/>
      </object_component>
      <object_component id="oc-214">
         <name>.debug_line</name>
         <load_address>0x10a7</load_address>
         <run_address>0x10a7</run_address>
         <size>0x5e</size>
         <input_file_ref idref="fl-6"/>
      </object_component>
      <object_component id="oc-1f9">
         <name>.debug_line</name>
         <load_address>0x1105</load_address>
         <run_address>0x1105</run_address>
         <size>0x76</size>
         <input_file_ref idref="fl-6"/>
      </object_component>
      <object_component id="oc-1d0">
         <name>.debug_line</name>
         <load_address>0x117b</load_address>
         <run_address>0x117b</run_address>
         <size>0x53</size>
         <input_file_ref idref="fl-6"/>
      </object_component>
      <object_component id="oc-22e">
         <name>.debug_line</name>
         <load_address>0x11ce</load_address>
         <run_address>0x11ce</run_address>
         <size>0x46</size>
         <input_file_ref idref="fl-6"/>
      </object_component>
      <object_component id="oc-175">
         <name>.debug_line</name>
         <load_address>0x1214</load_address>
         <run_address>0x1214</run_address>
         <size>0x4f</size>
         <input_file_ref idref="fl-6"/>
      </object_component>
      <object_component id="oc-16f">
         <name>.debug_line</name>
         <load_address>0x1263</load_address>
         <run_address>0x1263</run_address>
         <size>0x56</size>
         <input_file_ref idref="fl-6"/>
      </object_component>
      <object_component id="oc-264">
         <name>.debug_line</name>
         <load_address>0x12b9</load_address>
         <run_address>0x12b9</run_address>
         <size>0x53</size>
         <input_file_ref idref="fl-6"/>
      </object_component>
      <object_component id="oc-191">
         <name>.debug_line</name>
         <load_address>0x130c</load_address>
         <run_address>0x130c</run_address>
         <size>0x207</size>
         <input_file_ref idref="fl-7"/>
      </object_component>
      <object_component id="oc-155">
         <name>.debug_line</name>
         <load_address>0x1513</load_address>
         <run_address>0x1513</run_address>
         <size>0x53</size>
         <input_file_ref idref="fl-7"/>
      </object_component>
      <object_component id="oc-1b8">
         <name>.debug_line</name>
         <load_address>0x1566</load_address>
         <run_address>0x1566</run_address>
         <size>0x6e</size>
         <input_file_ref idref="fl-7"/>
      </object_component>
      <object_component id="oc-1e4">
         <name>.debug_line</name>
         <load_address>0x15d4</load_address>
         <run_address>0x15d4</run_address>
         <size>0xd1</size>
         <input_file_ref idref="fl-7"/>
      </object_component>
      <object_component id="oc-b0">
         <name>.debug_line</name>
         <load_address>0x16a5</load_address>
         <run_address>0x16a5</run_address>
         <size>0x58</size>
         <input_file_ref idref="fl-7"/>
      </object_component>
      <object_component id="oc-276">
         <name>.debug_line</name>
         <load_address>0x16fd</load_address>
         <run_address>0x16fd</run_address>
         <size>0xbe</size>
         <input_file_ref idref="fl-8"/>
      </object_component>
      <object_component id="oc-1c4">
         <name>.debug_line</name>
         <load_address>0x17bb</load_address>
         <run_address>0x17bb</run_address>
         <size>0x61</size>
         <input_file_ref idref="fl-8"/>
      </object_component>
      <object_component id="oc-239">
         <name>.debug_line</name>
         <load_address>0x181c</load_address>
         <run_address>0x181c</run_address>
         <size>0x5b</size>
         <input_file_ref idref="fl-8"/>
      </object_component>
      <object_component id="oc-1f1">
         <name>.debug_line</name>
         <load_address>0x1877</load_address>
         <run_address>0x1877</run_address>
         <size>0x58</size>
         <input_file_ref idref="fl-8"/>
      </object_component>
      <object_component id="oc-24a">
         <name>.debug_line</name>
         <load_address>0x18cf</load_address>
         <run_address>0x18cf</run_address>
         <size>0x57</size>
         <input_file_ref idref="fl-8"/>
      </object_component>
      <object_component id="oc-1eb">
         <name>.debug_line</name>
         <load_address>0x1926</load_address>
         <run_address>0x1926</run_address>
         <size>0x58</size>
         <input_file_ref idref="fl-8"/>
      </object_component>
      <object_component id="oc-26a">
         <name>.debug_line</name>
         <load_address>0x197e</load_address>
         <run_address>0x197e</run_address>
         <size>0x5d</size>
         <input_file_ref idref="fl-8"/>
      </object_component>
      <object_component id="oc-193">
         <name>.debug_line</name>
         <load_address>0x19db</load_address>
         <run_address>0x19db</run_address>
         <size>0x132</size>
         <input_file_ref idref="fl-9"/>
      </object_component>
      <object_component id="oc-1be">
         <name>.debug_line</name>
         <load_address>0x1b0d</load_address>
         <run_address>0x1b0d</run_address>
         <size>0x5f</size>
         <input_file_ref idref="fl-9"/>
      </object_component>
      <object_component id="oc-1d8">
         <name>.debug_line</name>
         <load_address>0x1b6c</load_address>
         <run_address>0x1b6c</run_address>
         <size>0x5b</size>
         <input_file_ref idref="fl-9"/>
      </object_component>
      <object_component id="oc-162">
         <name>.debug_line</name>
         <load_address>0x1bc7</load_address>
         <run_address>0x1bc7</run_address>
         <size>0x5c</size>
         <input_file_ref idref="fl-9"/>
      </object_component>
      <object_component id="oc-169">
         <name>.debug_line</name>
         <load_address>0x1c23</load_address>
         <run_address>0x1c23</run_address>
         <size>0x65</size>
         <input_file_ref idref="fl-9"/>
      </object_component>
      <object_component id="oc-b6">
         <name>.debug_line</name>
         <load_address>0x1c88</load_address>
         <run_address>0x1c88</run_address>
         <size>0x57</size>
         <input_file_ref idref="fl-9"/>
      </object_component>
      <object_component id="oc-1df">
         <name>.debug_line</name>
         <load_address>0x1cdf</load_address>
         <run_address>0x1cdf</run_address>
         <size>0x4e</size>
         <input_file_ref idref="fl-38"/>
      </object_component>
      <object_component id="oc-10c">
         <name>.debug_line</name>
         <load_address>0x1d2d</load_address>
         <run_address>0x1d2d</run_address>
         <size>0x2a</size>
         <input_file_ref idref="fl-39"/>
      </object_component>
      <object_component id="oc-6a">
         <name>.debug_line</name>
         <load_address>0x1d57</load_address>
         <run_address>0x1d57</run_address>
         <size>0x4c</size>
         <input_file_ref idref="fl-3a"/>
      </object_component>
      <object_component id="oc-11f">
         <name>.debug_line</name>
         <load_address>0x1da3</load_address>
         <run_address>0x1da3</run_address>
         <size>0x72</size>
         <input_file_ref idref="fl-3b"/>
      </object_component>
      <object_component id="oc-33">
         <name>.debug_line</name>
         <load_address>0x1e15</load_address>
         <run_address>0x1e15</run_address>
         <size>0x50</size>
         <input_file_ref idref="fl-3b"/>
      </object_component>
      <object_component id="oc-97">
         <name>.debug_line</name>
         <load_address>0x1e65</load_address>
         <run_address>0x1e65</run_address>
         <size>0x3a</size>
         <input_file_ref idref="fl-3b"/>
      </object_component>
      <object_component id="oc-11c">
         <name>.debug_line</name>
         <load_address>0x1e9f</load_address>
         <run_address>0x1e9f</run_address>
         <size>0x72</size>
         <input_file_ref idref="fl-3b"/>
      </object_component>
      <object_component id="oc-127">
         <name>.debug_line</name>
         <load_address>0x1f11</load_address>
         <run_address>0x1f11</run_address>
         <size>0x20</size>
         <input_file_ref idref="fl-3c"/>
      </object_component>
      <object_component id="oc-9e">
         <name>.debug_line</name>
         <load_address>0x1f31</load_address>
         <run_address>0x1f31</run_address>
         <size>0x87</size>
         <input_file_ref idref="fl-3c"/>
      </object_component>
      <object_component id="oc-39">
         <name>.debug_line</name>
         <load_address>0x1fb8</load_address>
         <run_address>0x1fb8</run_address>
         <size>0x49</size>
         <input_file_ref idref="fl-3c"/>
      </object_component>
      <object_component id="oc-a5">
         <name>.debug_line</name>
         <load_address>0x2001</load_address>
         <run_address>0x2001</run_address>
         <size>0x39</size>
         <input_file_ref idref="fl-3c"/>
      </object_component>
      <object_component id="oc-13c">
         <name>.debug_line</name>
         <load_address>0x203a</load_address>
         <run_address>0x203a</run_address>
         <size>0x20</size>
         <input_file_ref idref="fl-3d"/>
      </object_component>
      <object_component id="oc-4b">
         <name>.debug_line</name>
         <load_address>0x205a</load_address>
         <run_address>0x205a</run_address>
         <size>0x4d</size>
         <input_file_ref idref="fl-3d"/>
      </object_component>
      <object_component id="oc-d4">
         <name>.debug_line</name>
         <load_address>0x20a7</load_address>
         <run_address>0x20a7</run_address>
         <size>0x34</size>
         <input_file_ref idref="fl-3d"/>
      </object_component>
      <object_component id="oc-117">
         <name>.debug_line</name>
         <load_address>0x20db</load_address>
         <run_address>0x20db</run_address>
         <size>0x72</size>
         <input_file_ref idref="fl-3d"/>
      </object_component>
      <object_component id="oc-121">
         <name>.debug_line</name>
         <load_address>0x214d</load_address>
         <run_address>0x214d</run_address>
         <size>0x40</size>
         <input_file_ref idref="fl-3e"/>
      </object_component>
      <object_component id="oc-103">
         <name>.debug_line</name>
         <load_address>0x218d</load_address>
         <run_address>0x218d</run_address>
         <size>0x3a</size>
         <input_file_ref idref="fl-3f"/>
      </object_component>
      <object_component id="oc-ab">
         <name>.debug_line</name>
         <load_address>0x21c7</load_address>
         <run_address>0x21c7</run_address>
         <size>0x3c</size>
         <input_file_ref idref="fl-46"/>
      </object_component>
      <object_component id="oc-298">
         <name>.debug_line</name>
         <load_address>0x2203</load_address>
         <run_address>0x2203</run_address>
         <size>0x4e</size>
         <input_file_ref idref="fl-47"/>
      </object_component>
      <object_component id="oc-188">
         <name>.debug_line</name>
         <load_address>0x2251</load_address>
         <run_address>0x2251</run_address>
         <size>0x20</size>
         <input_file_ref idref="fl-48"/>
      </object_component>
      <object_component id="oc-91">
         <name>.debug_line</name>
         <load_address>0x2271</load_address>
         <run_address>0x2271</run_address>
         <size>0x45</size>
         <input_file_ref idref="fl-48"/>
      </object_component>
      <object_component id="oc-244">
         <name>.debug_line</name>
         <load_address>0x22b6</load_address>
         <run_address>0x22b6</run_address>
         <size>0x42</size>
         <input_file_ref idref="fl-4a"/>
      </object_component>
      <object_component id="oc-db">
         <name>.debug_line</name>
         <load_address>0x22f8</load_address>
         <run_address>0x22f8</run_address>
         <size>0x3e</size>
         <input_file_ref idref="fl-4b"/>
      </object_component>
      <object_component id="oc-195">
         <name>.debug_line</name>
         <load_address>0x2336</load_address>
         <run_address>0x2336</run_address>
         <size>0x2e</size>
         <input_file_ref idref="fl-4e"/>
      </object_component>
      <object_component id="oc-e1">
         <name>.debug_line</name>
         <load_address>0x2364</load_address>
         <run_address>0x2364</run_address>
         <size>0x7b</size>
         <input_file_ref idref="fl-4e"/>
      </object_component>
      <object_component id="oc-199">
         <name>.debug_line</name>
         <load_address>0x23df</load_address>
         <run_address>0x23df</run_address>
         <size>0x2e</size>
         <input_file_ref idref="fl-4e"/>
      </object_component>
      <object_component id="oc-fc">
         <name>.debug_frame</name>
         <load_address>0x0</load_address>
         <run_address>0x0</run_address>
         <size>0x50</size>
         <input_file_ref idref="fl-2"/>
      </object_component>
      <object_component id="oc-c3">
         <name>.debug_frame</name>
         <load_address>0x50</load_address>
         <run_address>0x50</run_address>
         <size>0x47</size>
         <input_file_ref idref="fl-2"/>
      </object_component>
      <object_component id="oc-bd">
         <name>.debug_frame</name>
         <load_address>0x97</load_address>
         <run_address>0x97</run_address>
         <size>0x50</size>
         <input_file_ref idref="fl-2"/>
      </object_component>
      <object_component id="oc-cf">
         <name>.debug_frame</name>
         <load_address>0xe7</load_address>
         <run_address>0xe7</run_address>
         <size>0x47</size>
         <input_file_ref idref="fl-2"/>
      </object_component>
      <object_component id="oc-c9">
         <name>.debug_frame</name>
         <load_address>0x12e</load_address>
         <run_address>0x12e</run_address>
         <size>0x50</size>
         <input_file_ref idref="fl-2"/>
      </object_component>
      <object_component id="oc-15c">
         <name>.debug_frame</name>
         <load_address>0x17e</load_address>
         <run_address>0x17e</run_address>
         <size>0x4d</size>
         <input_file_ref idref="fl-2"/>
      </object_component>
      <object_component id="oc-280">
         <name>.debug_frame</name>
         <load_address>0x1cb</load_address>
         <run_address>0x1cb</run_address>
         <size>0x6b</size>
         <input_file_ref idref="fl-3"/>
      </object_component>
      <object_component id="oc-2a8">
         <name>.debug_frame</name>
         <load_address>0x236</load_address>
         <run_address>0x236</run_address>
         <size>0x47</size>
         <input_file_ref idref="fl-3"/>
      </object_component>
      <object_component id="oc-290">
         <name>.debug_frame</name>
         <load_address>0x27d</load_address>
         <run_address>0x27d</run_address>
         <size>0x72</size>
         <input_file_ref idref="fl-3"/>
      </object_component>
      <object_component id="oc-286">
         <name>.debug_frame</name>
         <load_address>0x2ef</load_address>
         <run_address>0x2ef</run_address>
         <size>0x72</size>
         <input_file_ref idref="fl-3"/>
      </object_component>
      <object_component id="oc-25e">
         <name>.debug_frame</name>
         <load_address>0x361</load_address>
         <run_address>0x361</run_address>
         <size>0x57</size>
         <input_file_ref idref="fl-3"/>
      </object_component>
      <object_component id="oc-255">
         <name>.debug_frame</name>
         <load_address>0x3b8</load_address>
         <run_address>0x3b8</run_address>
         <size>0x57</size>
         <input_file_ref idref="fl-3"/>
      </object_component>
      <object_component id="oc-17c">
         <name>.debug_frame</name>
         <load_address>0x40f</load_address>
         <run_address>0x40f</run_address>
         <size>0x66</size>
         <input_file_ref idref="fl-4"/>
      </object_component>
      <object_component id="oc-209">
         <name>.debug_frame</name>
         <load_address>0x475</load_address>
         <run_address>0x475</run_address>
         <size>0x47</size>
         <input_file_ref idref="fl-4"/>
      </object_component>
      <object_component id="oc-20f">
         <name>.debug_frame</name>
         <load_address>0x4bc</load_address>
         <run_address>0x4bc</run_address>
         <size>0x47</size>
         <input_file_ref idref="fl-5"/>
      </object_component>
      <object_component id="oc-200">
         <name>.debug_frame</name>
         <load_address>0x503</load_address>
         <run_address>0x503</run_address>
         <size>0x47</size>
         <input_file_ref idref="fl-5"/>
      </object_component>
      <object_component id="oc-1cb">
         <name>.debug_frame</name>
         <load_address>0x54a</load_address>
         <run_address>0x54a</run_address>
         <size>0x62</size>
         <input_file_ref idref="fl-6"/>
      </object_component>
      <object_component id="oc-215">
         <name>.debug_frame</name>
         <load_address>0x5ac</load_address>
         <run_address>0x5ac</run_address>
         <size>0x5c</size>
         <input_file_ref idref="fl-6"/>
      </object_component>
      <object_component id="oc-1fa">
         <name>.debug_frame</name>
         <load_address>0x608</load_address>
         <run_address>0x608</run_address>
         <size>0x61</size>
         <input_file_ref idref="fl-6"/>
      </object_component>
      <object_component id="oc-1d1">
         <name>.debug_frame</name>
         <load_address>0x669</load_address>
         <run_address>0x669</run_address>
         <size>0x50</size>
         <input_file_ref idref="fl-6"/>
      </object_component>
      <object_component id="oc-22f">
         <name>.debug_frame</name>
         <load_address>0x6b9</load_address>
         <run_address>0x6b9</run_address>
         <size>0x47</size>
         <input_file_ref idref="fl-6"/>
      </object_component>
      <object_component id="oc-176">
         <name>.debug_frame</name>
         <load_address>0x700</load_address>
         <run_address>0x700</run_address>
         <size>0x47</size>
         <input_file_ref idref="fl-6"/>
      </object_component>
      <object_component id="oc-170">
         <name>.debug_frame</name>
         <load_address>0x747</load_address>
         <run_address>0x747</run_address>
         <size>0x51</size>
         <input_file_ref idref="fl-6"/>
      </object_component>
      <object_component id="oc-265">
         <name>.debug_frame</name>
         <load_address>0x798</load_address>
         <run_address>0x798</run_address>
         <size>0x47</size>
         <input_file_ref idref="fl-6"/>
      </object_component>
      <object_component id="oc-156">
         <name>.debug_frame</name>
         <load_address>0x7df</load_address>
         <run_address>0x7df</run_address>
         <size>0x47</size>
         <input_file_ref idref="fl-7"/>
      </object_component>
      <object_component id="oc-1b9">
         <name>.debug_frame</name>
         <load_address>0x826</load_address>
         <run_address>0x826</run_address>
         <size>0x47</size>
         <input_file_ref idref="fl-7"/>
      </object_component>
      <object_component id="oc-1e5">
         <name>.debug_frame</name>
         <load_address>0x86d</load_address>
         <run_address>0x86d</run_address>
         <size>0x48</size>
         <input_file_ref idref="fl-7"/>
      </object_component>
      <object_component id="oc-b1">
         <name>.debug_frame</name>
         <load_address>0x8b5</load_address>
         <run_address>0x8b5</run_address>
         <size>0x47</size>
         <input_file_ref idref="fl-7"/>
      </object_component>
      <object_component id="oc-1c5">
         <name>.debug_frame</name>
         <load_address>0x8fc</load_address>
         <run_address>0x8fc</run_address>
         <size>0x47</size>
         <input_file_ref idref="fl-8"/>
      </object_component>
      <object_component id="oc-23a">
         <name>.debug_frame</name>
         <load_address>0x943</load_address>
         <run_address>0x943</run_address>
         <size>0x47</size>
         <input_file_ref idref="fl-8"/>
      </object_component>
      <object_component id="oc-1f2">
         <name>.debug_frame</name>
         <load_address>0x98a</load_address>
         <run_address>0x98a</run_address>
         <size>0x47</size>
         <input_file_ref idref="fl-8"/>
      </object_component>
      <object_component id="oc-24b">
         <name>.debug_frame</name>
         <load_address>0x9d1</load_address>
         <run_address>0x9d1</run_address>
         <size>0x47</size>
         <input_file_ref idref="fl-8"/>
      </object_component>
      <object_component id="oc-1ec">
         <name>.debug_frame</name>
         <load_address>0xa18</load_address>
         <run_address>0xa18</run_address>
         <size>0x47</size>
         <input_file_ref idref="fl-8"/>
      </object_component>
      <object_component id="oc-26b">
         <name>.debug_frame</name>
         <load_address>0xa5f</load_address>
         <run_address>0xa5f</run_address>
[...]
         <value>0x10f7</value>
      </symbol>
      <symbol id="sm-61">
         <name>TLV_ADC10_1_TAG</name>
         <value>0x10da</value>
      </symbol>
      <symbol id="sm-62">
         <name>TLV_ADC10_1_LEN</name>
         <value>0x10db</value>
      </symbol>
      <symbol id="sm-63">
         <name>__TI_CINIT_Base</name>
         <value>0xda60</value>
      </symbol>
      <symbol id="sm-64">
         <name>__TI_CINIT_Limit</name>
         <value>0xda68</value>
      </symbol>
      <symbol id="sm-65">
         <name>__TI_Handler_Table_Base</name>
         <value>0xda56</value>
      </symbol>
      <symbol id="sm-66">
         <name>__TI_Handler_Table_Limit</name>
         <value>0xda5c</value>
      </symbol>
      <symbol id="sm-67">
         <name>binit</name>
         <value>0xffffffff</value>
      </symbol>
      <symbol id="sm-68">
         <name>__binit__</name>
         <value>0xffffffff</value>
      </symbol>
      <symbol id="sm-69">
         <name>__STACK_SIZE</name>
         <value>0x50</value>
      </symbol>
      <symbol id="sm-6a">
         <name>__STACK_END</name>
         <value>0x400</value>
      </symbol>
      <symbol id="sm-6b">
         <name>__c_args__</name>
         <value>0xffffffff</value>
      </symbol>
      <symbol id="sm-ec">
         <name>uart_buf_size</name>
         <value>0x2a4</value>
      </symbol>
      <symbol id="sm-ed">
         <name>uart_rcv_buf</name>
         <value>0x280</value>
      </symbol>
      <symbol id="sm-ee">
         <name>TxPacket</name>
         <value>0x240</value>
      </symbol>
      <symbol id="sm-ef">
         <name>RxPacket</name>
         <value>0x200</value>
      </symbol>
      <symbol id="sm-f0">
         <name>packet_len</name>
         <value>0x2a3</value>
      </symbol>
      <symbol id="sm-f1">
         <name>Print_Error</name>
         <value>0xd3ec</value>
         <object_component_ref idref="oc-157"/>
      </symbol>
      <symbol id="sm-f2">
         <name>Timer10_A</name>
         <value>0xd6e8</value>
         <object_component_ref idref="oc-ca"/>
      </symbol>
      <symbol id="sm-f3">
         <name>__TI_int08</name>
         <value>0xfff0</value>
         <object_component_ref idref="oc-40"/>
      </symbol>
      <symbol id="sm-f4">
         <name>__TI_int09</name>
         <value>0xfff2</value>
         <object_component_ref idref="oc-41"/>
      </symbol>
      <symbol id="sm-f5">
         <name>__TI_int12</name>
         <value>0xfff8</value>
         <object_component_ref idref="oc-44"/>
      </symbol>
      <symbol id="sm-f6">
         <name>__TI_int13</name>
         <value>0xfffa</value>
         <object_component_ref idref="oc-45"/>
      </symbol>
      <symbol id="sm-f7">
         <name>Timer00_A</name>
         <value>0xd6e0</value>
         <object_component_ref idref="oc-be"/>
      </symbol>
      <symbol id="sm-f8">
         <name>exit_code</name>
         <value>0x2b6</value>
         <object_component_ref idref="oc-17d"/>
      </symbol>
      <symbol id="sm-f9">
         <name>main</name>
         <value>0xcdae</value>
         <object_component_ref idref="oc-f7"/>
      </symbol>
      <symbol id="sm-fa">
         <name>Timer11_A</name>
         <value>0xd3ba</value>
         <object_component_ref idref="oc-c4"/>
      </symbol>
      <symbol id="sm-fb">
         <name>Timer01_A</name>
         <value>0xd4a0</value>
         <object_component_ref idref="oc-b8"/>
      </symbol>
      <symbol id="sm-13f">
         <name>sbox</name>
         <value>0xd802</value>
         <object_component_ref idref="oc-299"/>
      </symbol>
      <symbol id="sm-140">
         <name>galois_mul2</name>
         <value>0xd5a4</value>
         <object_component_ref idref="oc-2a3"/>
      </symbol>
      <symbol id="sm-141">
         <name>aes_decrypt</name>
         <value>0xd568</value>
         <object_component_ref idref="oc-250"/>
      </symbol>
      <symbol id="sm-142">
         <name>rsbox</name>
         <value>0xd702</value>
         <object_component_ref idref="oc-2a0"/>
      </symbol>
      <symbol id="sm-143">
         <name>Rcon</name>
         <value>0xda34</value>
         <object_component_ref idref="oc-29c"/>
      </symbol>
      <symbol id="sm-144">
         <name>aes_encr</name>
         <value>0xc624</value>
         <object_component_ref idref="oc-28b"/>
      </symbol>
      <symbol id="sm-145">
         <name>expandKey</name>
         <value>0xcc78</value>
         <object_component_ref idref="oc-27b"/>
      </symbol>
      <symbol id="sm-146">
         <name>aes_encrypt</name>
         <value>0xd586</value>
         <object_component_ref idref="oc-259"/>
      </symbol>
      <symbol id="sm-147">
         <name>aes_decr</name>
         <value>0xc000</value>
         <object_component_ref idref="oc-281"/>
      </symbol>
      <symbol id="sm-163">
         <name>nwk_header</name>
         <value>0x2a0</value>
      </symbol>
      <symbol id="sm-164">
         <name>_Modify_Packet_Header</name>
         <value>0xd54a</value>
         <object_component_ref idref="oc-204"/>
      </symbol>
      <symbol id="sm-165">
         <name>Radio_Receive_Data</name>
         <value>0xce78</value>
         <object_component_ref idref="oc-177"/>
      </symbol>
      <symbol id="sm-17d">
         <name>encryption_key</name>
         <value>0x2a6</value>
         <object_component_ref idref="oc-24d"/>
      </symbol>
      <symbol id="sm-17e">
         <name>Payload_Encrypt</name>
         <value>0xd6d4</value>
         <object_component_ref idref="oc-20a"/>
      </symbol>
      <symbol id="sm-17f">
         <name>Payload_Decrypt</name>
         <value>0xd6c8</value>
         <object_component_ref idref="oc-1fb"/>
      </symbol>
      <symbol id="sm-1f1">
         <name>P_VALUE_CH_</name>
         <value>0xd9f2</value>
         <object_component_ref idref="oc-224"/>
      </symbol>
      <symbol id="sm-1f2">
         <name>_Add_Address_To_Packet</name>
         <value>0xd4c6</value>
         <object_component_ref idref="oc-260"/>
      </symbol>
      <symbol id="sm-1f3">
         <name>R_VALUE_CH_</name>
         <value>0xda08</value>
         <object_component_ref idref="oc-221"/>
      </symbol>
      <symbol id="sm-1f4">
         <name>S_VALUE_CH_</name>
         <value>0xda1e</value>
         <object_component_ref idref="oc-227"/>
      </symbol>
      <symbol id="sm-1f5">
         <name>Radio_Set_Mode</name>
         <value>0xd386</value>
         <object_component_ref idref="oc-171"/>
      </symbol>
      <symbol id="sm-1f6">
         <name>Radio_Set_TxPower</name>
         <value>0xd660</value>
         <object_component_ref idref="oc-22a"/>
      </symbol>
      <symbol id="sm-1f7">
         <name>Radio_Get_RSSI</name>
         <value>0xd34c</value>
         <object_component_ref idref="oc-16b"/>
      </symbol>
      <symbol id="sm-1f8">
         <name>Radio_Init</name>
         <value>0xca52</value>
         <object_component_ref idref="oc-1c6"/>
      </symbol>
      <symbol id="sm-1f9">
         <name>Radio_Rx</name>
         <value>0xcf26</value>
         <object_component_ref idref="oc-1f5"/>
      </symbol>
      <symbol id="sm-1fa">
         <name>Radio_Set_Channel</name>
         <value>0xd0de</value>
         <object_component_ref idref="oc-1cc"/>
      </symbol>
      <symbol id="sm-1fb">
         <name>Radio_Tx</name>
         <value>0xd05a</value>
         <object_component_ref idref="oc-210"/>
      </symbol>
      <symbol id="sm-239">
         <name>cByteToHex</name>
         <value>0xcfc8</value>
         <object_component_ref idref="oc-1e0"/>
      </symbol>
      <symbol id="sm-23a">
         <name>__TI_int03</name>
         <value>0xffe6</value>
         <object_component_ref idref="oc-3c"/>
      </symbol>
      <symbol id="sm-23b">
         <name>Port_2</name>
         <value>0xd50c</value>
         <object_component_ref idref="oc-ac"/>
      </symbol>
      <symbol id="sm-23c">
         <name>System_Init</name>
         <value>0xd2c6</value>
         <object_component_ref idref="oc-151"/>
      </symbol>
      <symbol id="sm-23d">
         <name>System_Set_Speed</name>
         <value>0xd1b8</value>
         <object_component_ref idref="oc-1b4"/>
      </symbol>
      <symbol id="sm-270">
         <name>dummy</name>
         <value>0x2a2</value>
      </symbol>
      <symbol id="sm-271">
         <name>Spi_Send</name>
         <value>0xd5da</value>
         <object_component_ref idref="oc-235"/>
      </symbol>
      <symbol id="sm-272">
         <name>SPI_Conf_Write_Register</name>
         <value>0xd52c</value>
         <object_component_ref idref="oc-1e7"/>
      </symbol>
      <symbol id="sm-273">
         <name>SPI_Data_Write</name>
         <value>0xd5c0</value>
         <object_component_ref idref="oc-266"/>
      </symbol>
      <symbol id="sm-274">
         <name>SPI_Conf_Read_Register</name>
         <value>0xd4ea</value>
         <object_component_ref idref="oc-1ed"/>
      </symbol>
      <symbol id="sm-275">
         <name>SPI_Init</name>
         <value>0xd270</value>
         <object_component_ref idref="oc-1c0"/>
      </symbol>
      <symbol id="sm-276">
         <name>SPI_Data_Read</name>
         <value>0xd6a8</value>
         <object_component_ref idref="oc-246"/>
      </symbol>
      <symbol id="sm-2a8">
         <name>USCI0RX_ISR</name>
         <value>0xd60e</value>
         <object_component_ref idref="oc-b2"/>
      </symbol>
      <symbol id="sm-2a9">
         <name>__TI_int07</name>
         <value>0xffee</value>
         <object_component_ref idref="oc-3f"/>
      </symbol>
      <symbol id="sm-2aa">
         <name>UART_Send_Data</name>
         <value>0xd672</value>
         <object_component_ref idref="oc-15e"/>
      </symbol>
      <symbol id="sm-2ab">
         <name>UART_Send_Byte</name>
         <value>0xd624</value>
         <object_component_ref idref="oc-1d4"/>
      </symbol>
      <symbol id="sm-2ac">
         <name>UART0_Send_ByteToChar</name>
         <value>0xd30e</value>
         <object_component_ref idref="oc-165"/>
      </symbol>
      <symbol id="sm-2ad">
         <name>UART_Init</name>
         <value>0xd41a</value>
         <object_component_ref idref="oc-1ba"/>
      </symbol>
      <symbol id="sm-2b5">
         <name>__mspabi_srai</name>
         <value>0xd448</value>
         <object_component_ref idref="oc-1db"/>
      </symbol>
      <symbol id="sm-2b6">
         <name>__mspabi_srai_8</name>
         <value>0xd462</value>
         <object_component_ref idref="oc-1db"/>
      </symbol>
      <symbol id="sm-2b7">
         <name>__mspabi_srai_9</name>
         <value>0xd460</value>
         <object_component_ref idref="oc-1db"/>
      </symbol>
      <symbol id="sm-2b8">
         <name>__mspabi_srai_6</name>
         <value>0xd466</value>
         <object_component_ref idref="oc-1db"/>
      </symbol>
      <symbol id="sm-2b9">
         <name>__mspabi_srai_7</name>
         <value>0xd464</value>
         <object_component_ref idref="oc-1db"/>
      </symbol>
      <symbol id="sm-2ba">
         <name>__mspabi_srai_4</name>
         <value>0xd46a</value>
         <object_component_ref idref="oc-1db"/>
      </symbol>
      <symbol id="sm-2bb">
         <name>__mspabi_srai_5</name>
         <value>0xd468</value>
         <object_component_ref idref="oc-1db"/>
      </symbol>
      <symbol id="sm-2bc">
         <name>__mspabi_srai_2</name>
         <value>0xd46e</value>
         <object_component_ref idref="oc-1db"/>
      </symbol>
      <symbol id="sm-2bd">
         <name>__mspabi_srai_3</name>
         <value>0xd46c</value>
         <object_component_ref idref="oc-1db"/>
      </symbol>
      <symbol id="sm-2be">
         <name>__mspabi_srai_1</name>
         <value>0xd470</value>
         <object_component_ref idref="oc-1db"/>
      </symbol>
      <symbol id="sm-2bf">
         <name>__mspabi_srai_15</name>
         <value>0xd454</value>
         <object_component_ref idref="oc-1db"/>
      </symbol>
      <symbol id="sm-2c0">
         <name>__mspabi_srai_14</name>
         <value>0xd456</value>
         <object_component_ref idref="oc-1db"/>
      </symbol>
      <symbol id="sm-2c1">
         <name>__mspabi_srai_13</name>
         <value>0xd458</value>
         <object_component_ref idref="oc-1db"/>
      </symbol>
      <symbol id="sm-2c2">
         <name>__mspabi_srai_12</name>
         <value>0xd45a</value>
         <object_component_ref idref="oc-1db"/>
      </symbol>
      <symbol id="sm-2c3">
         <name>__mspabi_srai_11</name>
         <value>0xd45c</value>
         <object_component_ref idref="oc-1db"/>
      </symbol>
      <symbol id="sm-2c4">
         <name>__mspabi_srai_10</name>
         <value>0xd45e</value>
         <object_component_ref idref="oc-1db"/>
      </symbol>
      <symbol id="sm-2cd">
         <name>_stack</name>
         <value>0x3b0</value>
         <object_component_ref idref="oc-89"/>
      </symbol>
      <symbol id="sm-2ce">
         <name>_reset_vector</name>
         <value>0xfffe</value>
         <object_component_ref idref="oc-8c"/>
      </symbol>
      <symbol id="sm-2d9">
         <name>_c_int00_noargs_noexit</name>
         <value>0xd5f4</value>
         <object_component_ref idref="oc-65"/>
      </symbol>
      <symbol id="sm-2ef">
         <name>__TI_decompress_none</name>
         <value>0xd684</value>
         <object_component_ref idref="oc-2f"/>
      </symbol>
      <symbol id="sm-311">
         <name>__TI_decompress_rle24</name>
         <value>0xd6f4</value>
         <object_component_ref idref="oc-35"/>
      </symbol>
      <symbol id="sm-329">
         <name>__TI_zero_init</name>
         <value>0xd638</value>
         <object_component_ref idref="oc-47"/>
      </symbol>
      <symbol id="sm-332">
         <name>__mspabi_func_epilog_2</name>
         <value>0xd6c2</value>
         <object_component_ref idref="oc-120"/>
      </symbol>
      <symbol id="sm-333">
         <name>__mspabi_func_epilog_3</name>
         <value>0xd6c0</value>
         <object_component_ref idref="oc-120"/>
      </symbol>
      <symbol id="sm-334">
         <name>__mspabi_func_epilog_1</name>
         <value>0xd6c4</value>
         <object_component_ref idref="oc-120"/>
      </symbol>
      <symbol id="sm-335">
         <name>__mspabi_func_epilog_6</name>
         <value>0xd6ba</value>
         <object_component_ref idref="oc-120"/>
      </symbol>
      <symbol id="sm-336">
         <name>__mspabi_func_epilog_7</name>
         <value>0xd6b8</value>
         <object_component_ref idref="oc-120"/>
      </symbol>
      <symbol id="sm-337">
         <name>__mspabi_func_epilog_4</name>
         <value>0xd6be</value>
         <object_component_ref idref="oc-120"/>
      </symbol>
      <symbol id="sm-338">
         <name>__mspabi_func_epilog_5</name>
         <value>0xd6bc</value>
         <object_component_ref idref="oc-120"/>
      </symbol>
      <symbol id="sm-343">
         <name>C$$EXIT</name>
         <value>0xd6fe</value>
         <object_component_ref idref="oc-ff"/>
      </symbol>
      <symbol id="sm-344">
         <name>abort</name>
         <value>0xd6fe</value>
         <object_component_ref idref="oc-ff"/>
      </symbol>
      <symbol id="sm-347">
         <name>__TI_int02</name>
         <value>0xffe4</value>
         <object_component_ref idref="oc-3b"/>
      </symbol>
      <symbol id="sm-34a">
         <name>__TI_int05</name>
         <value>0xffea</value>
         <object_component_ref idref="oc-3d"/>
      </symbol>
      <symbol id="sm-34d">
         <name>__TI_int06</name>
         <value>0xffec</value>
         <object_component_ref idref="oc-3e"/>
      </symbol>
      <symbol id="sm-350">
         <name>__TI_int10</name>
         <value>0xfff4</value>
         <object_component_ref idref="oc-42"/>
      </symbol>
      <symbol id="sm-353">
         <name>__TI_int11</name>
         <value>0xfff6</value>
         <object_component_ref idref="oc-43"/>
      </symbol>
      <symbol id="sm-356">
         <name>__TI_int14</name>
         <value>0xfffc</value>
         <object_component_ref idref="oc-46"/>
      </symbol>
      <symbol id="sm-35e">
         <name>__TI_ISR_TRAP</name>
         <value>0xd6ee</value>
         <object_component_ref idref="oc-a7"/>
      </symbol>
      <symbol id="sm-366">
         <name>__mspabi_slli</name>
         <value>0xd474</value>
         <object_component_ref idref="oc-294"/>
      </symbol>
      <symbol id="sm-367">
         <name>__mspabi_slli_9</name>
         <value>0xd48c</value>
         <object_component_ref idref="oc-294"/>
      </symbol>
      <symbol id="sm-368">
         <name>__mspabi_slli_8</name>
         <value>0xd48e</value>
         <object_component_ref idref="oc-294"/>
      </symbol>
      <symbol id="sm-369">
         <name>__mspabi_slli_7</name>
         <value>0xd490</value>
         <object_component_ref idref="oc-294"/>
      </symbol>
      <symbol id="sm-36a">
         <name>__mspabi_slli_6</name>
         <value>0xd492</value>
         <object_component_ref idref="oc-294"/>
      </symbol>
      <symbol id="sm-36b">
         <name>__mspabi_slli_5</name>
         <value>0xd494</value>
         <object_component_ref idref="oc-294"/>
      </symbol>
      <symbol id="sm-36c">
         <name>__mspabi_slli_4</name>
         <value>0xd496</value>
         <object_component_ref idref="oc-294"/>
      </symbol>
      <symbol id="sm-36d">
         <name>__mspabi_slli_3</name>
         <value>0xd498</value>
         <object_component_ref idref="oc-294"/>
      </symbol>
      <symbol id="sm-36e">
         <name>__mspabi_slli_2</name>
         <value>0xd49a</value>
         <object_component_ref idref="oc-294"/>
      </symbol>
      <symbol id="sm-36f">
         <name>__mspabi_slli_1</name>
         <value>0xd49c</value>
         <object_component_ref idref="oc-294"/>
      </symbol>
      <symbol id="sm-370">
         <name>__mspabi_slli_15</name>
         <value>0xd480</value>
         <object_component_ref idref="oc-294"/>
      </symbol>
      <symbol id="sm-371">
         <name>__mspabi_slli_14</name>
         <value>0xd482</value>
         <object_component_ref idref="oc-294"/>
      </symbol>
      <symbol id="sm-372">
         <name>__mspabi_slli_13</name>
         <value>0xd484</value>
         <object_component_ref idref="oc-294"/>
      </symbol>
      <symbol id="sm-373">
         <name>__mspabi_slli_12</name>
         <value>0xd486</value>
         <object_component_ref idref="oc-294"/>
      </symbol>
      <symbol id="sm-374">
         <name>__mspabi_slli_11</name>
         <value>0xd488</value>
         <object_component_ref idref="oc-294"/>
      </symbol>
      <symbol id="sm-375">
         <name>__mspabi_slli_10</name>
         <value>0xd48a</value>
         <object_component_ref idref="oc-294"/>
      </symbol>
      <symbol id="sm-383">
         <name>memcpy</name>
         <value>0xd696</value>
         <object_component_ref idref="oc-8d"/>
      </symbol>
      <symbol id="sm-38e">
         <name>__mspabi_mpyi_sw</name>
         <value>0xd64c</value>
         <object_component_ref idref="oc-240"/>
      </symbol>
      <symbol id="sm-38f">
         <name>__mspabi_mpyi</name>
         <value>0xd64c</value>
         <object_component_ref idref="oc-240"/>
      </symbol>
      <symbol id="sm-398">
         <name>_system_pre_init</name>
         <value>0xd6fa</value>
         <object_component_ref idref="oc-d7"/>
      </symbol>
      <symbol id="sm-3b2">
         <name>_auto_init</name>
         <value>0xd218</value>
         <object_component_ref idref="oc-dd"/>
      </symbol>
      <symbol id="sm-3b4">
         <name>__TI_INITARRAY_Base</name>
         <value>0x0</value>
      </symbol>
      <symbol id="sm-3b5">
         <name>__TI_INITARRAY_Limit</name>
         <value>0x0</value>
      </symbol>
   </symbol_table>
   <title>Link successful</title>
</link_info>
